// Jest Snapshot v1, https://goo.gl/fbAQLP

exports[`App snapshot renders the button 1`] = `
<View
  accessible={true}
  isTVSelectable={true}
  onResponderGrant={[Function]}
  onResponderMove={[Function]}
  onResponderRelease={[Function]}
  onResponderTerminate={[Function]}
  onResponderTerminationRequest={[Function]}
  onStartShouldSetResponder={[Function]}
  style={
    Array [
      Object {
        "backgroundColor": "#183f50",
        "borderRadius": 6,
        "paddingHorizontal": 24,
        "paddingVertical": 16,
        "width": "100%",
      },
      Object {},
    ]
  }
>
  <Text
    style={
      Array [
        Object {
          "color": "#fff",
          "fontSize": 16,
          "textAlign": "center",
        },
        Object {},
      ]
    }
  >
    BUTTON
  </Text>
</View>
`;
