// Jest Snapshot v1, https://goo.gl/fbAQLP

exports[`<GroupAddress/> render group address 1`] = `
<View
  style={
    Object {
      "marginBottom": 16,
    }
  }
>
  <Text
    bold={true}
    selectable={true}
    style={
      Array [
        Object {
          "color": "#cbd2d6",
          "fontFamily": "NunitoSans-Bold",
          "fontSize": 18,
          "lineHeight": 24,
          "textAlign": "auto",
        },
        Array [
          Object {
            "color": "#cbd2d6",
            "fontSize": 18,
            "lineHeight": 24,
          },
          undefined,
        ],
      ]
    }
  >
    Address
  </Text>
  <View
    accessible={true}
    focusable={true}
    isTVSelectable={true}
    onClick={[Function]}
    onResponderGrant={[Function]}
    onResponderMove={[Function]}
    onResponderRelease={[Function]}
    onResponderTerminate={[Function]}
    onResponderTerminationRequest={[Function]}
    onStartShouldSetResponder={[Function]}
    style={
      Object {
        "borderRadius": 4,
      }
    }
  >
    <View
      style={
        Object {
          "alignItems": "center",
          "flex": 1,
          "flexDirection": "row",
        }
      }
    >
      <View>
        <Text
          bold={true}
          light={true}
          selectable={true}
          style={
            Array [
              Object {
                "color": "#cbd2d6",
                "fontFamily": "NunitoSans-Light",
                "fontSize": 18,
                "lineHeight": 24,
                "textAlign": "auto",
              },
              Array [
                Object {
                  "color": "#cbd2d6",
                  "fontSize": 18,
                  "lineHeight": 24,
                },
                undefined,
              ],
            ]
          }
        >
          1180 Murphy Ave
        </Text>
        <Text
          bold={true}
          light={true}
          selectable={true}
          style={
            Array [
              Object {
                "color": "#cbd2d6",
                "fontFamily": "NunitoSans-Light",
                "fontSize": 18,
                "lineHeight": 24,
                "textAlign": "auto",
              },
              Array [
                Object {
                  "color": "#cbd2d6",
                  "fontSize": 18,
                  "lineHeight": 24,
                },
                undefined,
              ],
            ]
          }
        >
          San Jose
          , 
          CA
           
          95131
        </Text>
      </View>
      <View
        style={
          Object {
            "marginLeft": "auto",
          }
        }
      >
        <Text />
      </View>
    </View>
  </View>
</View>
`;
