// Jest Snapshot v1, https://goo.gl/fbAQLP

exports[`<GroupCardDetails/> render the group details 1`] = `
<View
  accessible={true}
  focusable={true}
  isTVSelectable={true}
  onClick={[Function]}
  onResponderGrant={[Function]}
  onResponderMove={[Function]}
  onResponderRelease={[Function]}
  onResponderTerminate={[Function]}
  onResponderTerminationRequest={[Function]}
  onStartShouldSetResponder={[Function]}
  style={
    Object {
      "borderRadius": 16,
    }
  }
>
  <View
    style={
      Object {
        "borderRadius": 10,
        "height": 250,
        "overflow": "hidden",
        "padding": 16,
        "position": "relative",
      }
    }
  >
    <Text
      adjustsFontSizeToFit={true}
      light={true}
      numberOfLines={2}
      selectable={true}
      style={
        Array [
          Object {
            "color": "#cbd2d6",
            "fontFamily": "NunitoSans-Light",
            "fontSize": 18,
            "lineHeight": 24,
            "textAlign": "auto",
          },
          Array [
            Object {
              "color": "#fff",
              "fontSize": 28,
              "lineHeight": 34,
              "marginBottom": 20,
            },
            Object {
              "marginBottom": 10,
              "marginTop": 16,
            },
          ],
        ]
      }
    >
      Test Group
    </Text>
    <View
      style={
        Object {
          "justifyContent": "center",
          "marginBottom": 10,
        }
      }
    >
      <Text
        selectable={true}
        style={
          Array [
            Object {
              "color": "#cbd2d6",
              "fontFamily": "NunitoSans-Regular",
              "fontSize": 18,
              "lineHeight": 24,
              "textAlign": "auto",
            },
            undefined,
          ]
        }
      >
        Every week
         on
         
        <Text
          bold={true}
          selectable={true}
          style={
            Array [
              Object {
                "color": "#cbd2d6",
                "fontFamily": "NunitoSans-Bold",
                "fontSize": 18,
                "lineHeight": 24,
                "textAlign": "auto",
              },
              undefined,
            ]
          }
        >
          Tuesday
        </Text>
         at
         
        <Text
          bold={true}
          selectable={true}
          style={
            Array [
              Object {
                "color": "#cbd2d6",
                "fontFamily": "NunitoSans-Bold",
                "fontSize": 18,
                "lineHeight": 24,
                "textAlign": "auto",
              },
              undefined,
            ]
          }
        >
          7:00pm
        </Text>
      </Text>
    </View>
    <View
      style={
        Object {
          "flexDirection": "row",
          "justifyContent": "space-between",
          "marginBottom": 10,
        }
      }
    >
      <Text
        bold={true}
        selectable={true}
        style={
          Array [
            Object {
              "color": "#cbd2d6",
              "fontFamily": "NunitoSans-Bold",
              "fontSize": 18,
              "lineHeight": 24,
              "textAlign": "auto",
            },
            undefined,
          ]
        }
      >
        North San Jose
      </Text>
    </View>
    <View
      style={
        Object {
          "flex": 1,
          "justifyContent": "center",
        }
      }
    >
      <Text
        light={true}
        numberOfLines={4}
        selectable={true}
        style={
          Array [
            Object {
              "color": "#cbd2d6",
              "fontFamily": "NunitoSans-Light",
              "fontSize": 18,
              "lineHeight": 24,
              "textAlign": "auto",
            },
            undefined,
          ]
        }
      >
        This group is a test
      </Text>
    </View>
  </View>
</View>
`;
